[{"data":1,"prerenderedAt":36},["Reactive",2],{"NmmYXQysTZ":3},[4,22],{"language":5,"content":6},"en",{"word":7,"definitions":8},"golden",[9,12,14,16,18,20],{"definition":10,"pos":11},"having the deep slightly brownish color of gold","adjective",{"definition":13,"pos":11},"marked by peace and prosperity",{"definition":15,"pos":11},"made from or covered with gold",{"definition":17,"pos":11},"supremely favored",{"definition":19,"pos":11},"suggestive of gold",{"definition":21,"pos":11},"presaging or likely to bring good luck or a good outcome",{"language":23,"content":24},"fa",{"word":7,"definitions":25},[26,28,30,32,34],{"definition":27},"طلائى",{"definition":29},"طلايى",{"definition":31},"زرين",{"definition":33},"اعلا",{"definition":35},"درخشنده",1690956356109]